// Jest Snapshot v1, https://goo.gl/fbAQLP

exports[`Snapshot 1`] = `
<div>
  Nesine Frontend Case
</div>
`;
